8ball        ./png/8ball.png
alert        ./png/alert.png
app          ./png/app.png
apple-green  ./png/apple-green.png


apple-red    ./png/apple-red.png
basketball   ./png/basketball.png
bell         ./png/bell.png
block        ./png/block.png
burger       ./png/burger.png
burn         ./png/burn.png
cd-copy      ./png/cd-copy.png
cd           ./png/cd.png
chat         ./png/chat.png
clipboard    ./png/clipboard.png
clock        ./png/clock.png
coke         ./png/coke.png
color-palette  ./png/color-palette.png
credit-card   ./png/credit-card.png
date         ./png/date.png
doc          ./png/doc.png
download     ./png/download.png
dvd-copy     ./png/dvd-copy.png
dvd          ./png/dvd.png
earth        ./png/earth.png
edit         ./png/edit.png
flag         ./png/flag.png
flower       ./png/flower.png
help         ./png/help.png
id-card      ./png/id-card.png
lamp         ./png/lamp.png
lock         ./png/lock.png
movie        ./png/movie.png
music-1      ./png/music-1.png
music-2      ./png/music-2.png
music-3      ./png/music-3.png
note-2       ./png/note-2.png
note         ./png/note.png
pack-1       ./png/pack-1.png
pack-2       ./png/pack-2.png
pdf          ./png/pdf.png
pen          ./png/pen.png
pencil-2     ./png/pencil-2.png
photo        ./png/photo.png
poo          ./png/poo.png
print        ./png/print.png
recycle      ./png/recycle.png
ruler        ./png/ruler.png
search       ./png/search.png
security     ./png/security.png
settings     ./png/settings.png
skull        ./png/skull.png
soccer-ball  ./png/soccer-ball.png
t-shirt      ./png/t-shirt.png
tennis-ball  ./png/tennis-ball.png
text         ./png/text.png
toilet-paper ./png/toilet-paper.png
toy-2        ./png/toy-2.png
toy          ./png/toy.png
tree         ./png/tree.png
twitter      ./png/twitter.png
unlock       ./png/unlock.png
upload       ./png/upload.png
user-1       ./png/user-1.png
user-2       ./png/user-2.png
wireless     ./png/wireless.png
xls          ./png/xls.png
